[00:42:08] Started: ImLilii__ - ItzDavidVZLA_
[00:42:32] ImLilii__: [Currencies: ---] [Items: ---] | ItzDavidVZLA_: [Currencies: ---] [Items: ---]
[00:42:38] Started: ImLilii__ - ItzDavidVZLA_
[00:42:51] ImLilii__: [Currencies: ---] [Items: ---] | ItzDavidVZLA_: [Currencies: ---] [Items: 1x &9🗡 &fEspada &9Rara 🗡, 1x &9⚡ &fPantalones &9Raro ⚡, 1x &9⚡ &fPechera &9Rara ⚡, 1x &9⚡ &fCasco &9Raro ⚡, 1x &9⚡ &fBotas &9Rara ⚡, 1x &9Dizzy II, 1x Diamond Sword]
[00:43:08] Started: ItzDavidVZLA_ - ImLilii__
[00:43:36] ItzDavidVZLA_: [Currencies: money: 75,000] [Items: ---] | ImLilii__: [Currencies: money: 55,000] [Items: 1x &9🗡 &fEspada &9Rara 🗡, 1x &9⚡ &fPantalones &9Raro ⚡, 1x &9⚡ &fPechera &9Rara ⚡, 1x &9⚡ &fCasco &9Raro ⚡, 1x &9⚡ &fBotas &9Rara ⚡, 1x &9Dizzy II, 1x Diamond Sword]
[00:47:53] Started: ImLilii__ - ItzDavidVZLA_
[00:48:16] ImLilii__: [Currencies: money: 55,000] [Items: ---] | ItzDavidVZLA_: [Currencies: money: 20,000] [Items: 1x &9🗡 &fEspada &9Rara 🗡, 1x &9⚡ &fPantalones &9Raro ⚡, 1x &9⚡ &fPechera &9Rara ⚡, 1x &9⚡ &fCasco &9Raro ⚡, 1x &9⚡ &fBotas &9Rara ⚡, 1x &9Dizzy II, 1x Diamond Sword]
[00:50:57] Started: ItzDavidVZLA_ - ImLilii__
[00:54:18] Aborted: ItzDavidVZLA_ - ImLilii__
[00:56:07] Started: ItzDavidVZLA_ - ImLilii__
[00:56:33] ItzDavidVZLA_: [Currencies: monedas ⛁: 45,000] [Items: ---] | ImLilii__: [Currencies: monedas ⛁: 30,000] [Items: 1x &9🗡 &fEspada &9Rara 🗡, 1x &9⚡ &fPantalones &9Raro ⚡, 1x &9⚡ &fPechera &9Rara ⚡, 1x &9⚡ &fCasco &9Raro ⚡, 1x &9⚡ &fBotas &9Rara ⚡, 1x &9Dizzy II, 1x Diamond Sword]
[00:58:27] Started: ImLilii__ - ItzDavidVZLA_
[00:58:41] ImLilii__: [Currencies: ---] [Items: ---] | ItzDavidVZLA_: [Currencies: monedas ⛁: 1,000] [Items: 1x &9🗡 &fEspada &9Rara 🗡]
[01:03:23] Started: ImLilii__ - ItzDavidVZLA_
[01:03:29] Aborted: ImLilii__ - ItzDavidVZLA_
[01:03:34] Started: ImLilii__ - ItzDavidVZLA_
[01:03:55] ImLilii__: [Currencies: ---] [Items: 1x &9🗡 &fEspada &9Rara 🗡] | ItzDavidVZLA_: [Currencies: monedas ⛁: 10,000, experiencia: 15] [Items: ---]
[01:08:09] Started: ImLilii__ - ItzDavidVZLA_
[01:08:39] ImLilii__: [Currencies: ⛁: 1,000, EXP: 1,000] [Items: ---] | ItzDavidVZLA_: [Currencies: ⛁: 1,000, EXP: 1,000] [Items: ---]
[01:13:46] Started: ImLilii__ - ItzDavidVZLA_
[01:14:20] ImLilii__: [Currencies: EXP: 10,000, ⛁: 50,000] [Items: 1x &7Espada &8▪ &8[&d&lULTIMATE&8], 1x &7Pico &8▪ &8[&d&lULTIMATE&8], 1x &7Hacha &8▪ &8[&d&lULTIMATE&8], 1x &7Pala &8▪ &8[&d&lULTIMATE&8], 1x &7Arco &8▪ &8[&d&lULTIMATE&8], 1x &7Ballesta &8▪ &8[&d&lULTIMATE&8], 32x Arrow, 8x Ender Pearl, 1x Totem of Undying, 1x &bVara de venta, 32x Cooked Porkchop, 32x Enchanted Golden Apple, 1x &7Caña &8▪ &8[&d&lULTIMATE&8], 1x Shield] | ItzDavidVZLA_: [Currencies: EXP: 10,000, ⛁: 35,000] [Items: 1x &9🗡 &fEspada &9Rara 🗡, 1x &9⚡ &fPantalones &9Raro ⚡, 1x &9⚡ &fPechera &9Rara ⚡, 1x &9⚡ &fCasco &9Raro ⚡, 1x &9⚡ &fBotas &9Rara ⚡, 1x &9Dizzy II, 1x Diamond Sword]
[01:15:34] Started: ImLilii__ - ItzDavidVZLA_
[01:16:05] ImLilii__: [Currencies: Monedas ⛁: 10,000, Experiencia: 100,000] [Items: 1x &9🗡 &fEspada &9Rara 🗡, 1x &9⚡ &fPantalones &9Raro ⚡, 1x &9⚡ &fPechera &9Rara ⚡, 1x &9⚡ &fCasco &9Raro ⚡, 1x &9⚡ &fBotas &9Rara ⚡, 1x &9Dizzy II, 1x Diamond Sword] | ItzDavidVZLA_: [Currencies: Monedas ⛁: 10,000, Experiencia: 100,000] [Items: 1x &bVara de venta, 32x Cooked Porkchop, 32x Enchanted Golden Apple, 1x &7Caña &8▪ &8[&d&lULTIMATE&8], 1x Shield, 1x &7Espada &8▪ &8[&d&lULTIMATE&8], 1x &7Pico &8▪ &8[&d&lULTIMATE&8], 1x &7Hacha &8▪ &8[&d&lULTIMATE&8], 1x &7Pala &8▪ &8[&d&lULTIMATE&8], 1x &7Arco &8▪ &8[&d&lULTIMATE&8], 1x &7Ballesta &8▪ &8[&d&lULTIMATE&8], 32x Arrow, 8x Ender Pearl, 1x Totem of Undying]
